// Vitest Snapshot v1, https://vitest.dev/guide/snapshot.html

exports[`SignUpForm > should render 1`] = `
<div>
  <form>
    <div
      class="chakra-form-control css-1mn9ptq"
      role="group"
    >
      <label
        class="chakra-form__label css-g6pte"
        for="firstName"
        id="field-:r0:-label"
      >
        First Name
        <span
          aria-hidden="true"
          class="chakra-form__required-indicator css-1tfjd1n"
          role="presentation"
        >
          *
        </span>
      </label>
      <input
        aria-label="First Name"
        aria-required="true"
        class="chakra-input css-1cjy4zv"
        id="field-:r0:"
        name="firstName"
        required=""
        value=""
      />
    </div>
    <div
      class="chakra-form-control css-1mn9ptq"
      role="group"
    >
      <label
        class="chakra-form__label css-g6pte"
        for="lastName"
        id="field-:r1:-label"
      >
        Last Name
        <span
          aria-hidden="true"
          class="chakra-form__required-indicator css-1tfjd1n"
          role="presentation"
        >
          *
        </span>
      </label>
      <input
        aria-label="Last Name"
        aria-required="true"
        class="chakra-input css-1cjy4zv"
        id="field-:r1:"
        name="lastName"
        required=""
        value=""
      />
    </div>
    <div
      class="chakra-form-control css-1mn9ptq"
      role="group"
    >
      <label
        class="chakra-form__label css-g6pte"
        for="email"
        id="field-:r2:-label"
      >
        Email
        <span
          aria-hidden="true"
          class="chakra-form__required-indicator css-1tfjd1n"
          role="presentation"
        >
          *
        </span>
      </label>
      <input
        aria-label="email"
        aria-required="true"
        class="chakra-input css-1cjy4zv"
        id="field-:r2:"
        name="email"
        required=""
        type="email"
        value=""
      />
    </div>
    <div
      class="chakra-form-control css-1mn9ptq"
      role="group"
    >
      <label
        class="chakra-form__label css-g6pte"
        for="password"
        id="field-:r3:-label"
      >
        Password
        <span
          aria-hidden="true"
          class="chakra-form__required-indicator css-1tfjd1n"
          role="presentation"
        >
          *
        </span>
      </label>
      <input
        aria-label="password"
        aria-required="true"
        class="chakra-input css-1cjy4zv"
        data-testid="password-input"
        id="field-:r3:"
        name="password"
        required=""
        type="password"
        value=""
      />
    </div>
    <div
      class="chakra-form-control css-1jqyrav"
      role="group"
    >
      <label
        class="chakra-checkbox css-1577qb8"
      >
        <input
          aria-disabled="false"
          aria-invalid="false"
          class="chakra-checkbox__input"
          id="field-:r4:"
          name="isRecycler"
          style="border: 0px; clip: rect(0px, 0px, 0px, 0px); height: 1px; width: 1px; margin: -1px; padding: 0px; overflow: hidden; white-space: nowrap; position: absolute;"
          type="checkbox"
          value=""
        />
        <span
          aria-hidden="true"
          class="chakra-checkbox__control css-1ydjfm6"
        />
        <span
          class="chakra-checkbox__label css-6x44c9"
        >
          Are you a recycler?
        </span>
      </label>
    </div>
    <div
      class="chakra-button__group css-1p2xg5l"
      data-orientation="horizontal"
      role="group"
    >
      <button
        class="chakra-button css-15jenze"
        type="button"
      >
        Login
      </button>
      <button
        class="chakra-button css-1tduvxh"
        type="submit"
      >
        Create Account
      </button>
    </div>
  </form>
  <span
    hidden=""
    id="__chakra_env"
  />
</div>
`;
