// Vitest Snapshot v1, https://vitest.dev/guide/snapshot.html

exports[`Login > should render 1`] = `
<div>
  <div
    class="css-b93e9j"
  >
    <img
      alt="Remake logo"
      class="chakra-image css-ibmrth"
      src="/src/assets/logo.webp"
    />
    <form
      action="#"
    >
      <div
        class="chakra-form-control css-1kxonj9"
        role="group"
      >
        <label
          class="chakra-form__label css-g6pte"
          for="email"
          id="field-:r0:-label"
        >
          Email
          <span
            aria-hidden="true"
            class="chakra-form__required-indicator css-1tfjd1n"
            role="presentation"
          >
            *
          </span>
        </label>
        <input
          aria-required="true"
          class="chakra-input css-1cjy4zv"
          id="email"
          name="email"
          placeholder="Email"
          required=""
          value=""
        />
      </div>
      <div
        class="chakra-form-control css-1mn9ptq"
        role="group"
      >
        <label
          class="chakra-form__label css-g6pte"
          for="password"
          id="field-:r1:-label"
        >
          Password
          <span
            aria-hidden="true"
            class="chakra-form__required-indicator css-1tfjd1n"
            role="presentation"
          >
            *
          </span>
        </label>
        <input
          aria-required="true"
          class="chakra-input css-1cjy4zv"
          id="password"
          name="password"
          placeholder="Password"
          required=""
          type="password"
          value=""
        />
      </div>
      <button
        class="chakra-button css-13nworv"
        role="button"
        type="submit"
      >
        Login
      </button>
    </form>
    <div
      class="css-0"
    >
      <p
        class="chakra-text css-fckmjt"
      >
        Don't have an account?
        <a
          href="/sign-up"
          role="link"
        >
          <strong>
             
            Register here!
          </strong>
        </a>
      </p>
      <p
        class="chakra-text css-1uno72p"
      >
        <a
          href="/forgot-password"
          role="link"
        >
          <strong>
            Forgot your password?
          </strong>
        </a>
      </p>
    </div>
  </div>
  <span
    hidden=""
    id="__chakra_env"
  />
</div>
`;
