// Vitest Snapshot v1, https://vitest.dev/guide/snapshot.html

exports[`ForgotPassword > should render 1`] = `
<div>
  <div
    class="css-1n29es9"
  >
    <h2
      class="chakra-heading css-1mgeuu9"
    >
      Enter your email address that we will send you a recovery email.
    </h2>
    <form>
      <div
        class="chakra-form-control css-1mn9ptq"
        role="group"
      >
        <label
          class="chakra-form__label css-g6pte"
          for="email"
          id="field-:r0:-label"
        >
          Email
          <span
            aria-hidden="true"
            class="chakra-form__required-indicator css-1tfjd1n"
            role="presentation"
          >
            *
          </span>
        </label>
        <input
          aria-label="Email"
          aria-required="true"
          class="chakra-input css-1cjy4zv"
          id="field-:r0:"
          name="email"
          required=""
          type="email"
          value=""
        />
      </div>
      <div
        class="chakra-button__group css-1p2xg5l"
        data-orientation="horizontal"
        role="group"
      >
        <button
          class="chakra-button css-15jenze"
          type="button"
        >
          Login
        </button>
        <button
          class="chakra-button css-1tduvxh"
          type="submit"
        >
          Send Recovery Email
        </button>
      </div>
    </form>
    <button
      aria-controls="menu-list-:r2:"
      aria-expanded="false"
      aria-haspopup="menu"
      class="chakra-button chakra-menu__menu-button css-bxcf73"
      id="menu-button-:r2:"
      type="button"
    >
      <span
        class="css-xl71ch"
      >
        ğŸ‡ºğŸ‡¸ English
      </span>
      <span
        class="chakra-button__icon css-1hzyiq5"
      >
        <svg
          aria-hidden="true"
          fill="currentColor"
          focusable="false"
          height="1em"
          stroke="currentColor"
          stroke-width="0"
          viewBox="0 0 512 512"
          width="1em"
          xmlns="http://www.w3.org/2000/svg"
        >
          <path
            d="M233.4 406.6c12.5 12.5 32.8 12.5 45.3 0l192-192c12.5-12.5 12.5-32.8 0-45.3s-32.8-12.5-45.3 0L256 338.7 86.6 169.4c-12.5-12.5-32.8-12.5-45.3 0s-12.5 32.8 0 45.3l192 192z"
          />
        </svg>
      </span>
    </button>
    <div
      class="css-r6z5ec"
      style="visibility: hidden; position: absolute; min-width: max-content; inset: 0 auto auto 0;"
    >
      <div
        aria-orientation="vertical"
        class="chakra-menu__menu-list css-1kfu8nn"
        id="menu-list-:r2:"
        role="menu"
        style="transform-origin: var(--popper-transform-origin); opacity: 0; visibility: hidden; transform: scale(0.8) translateZ(0);"
        tabindex="-1"
      >
        <button
          class="chakra-menu__menuitem css-18esm8n"
          data-index="0"
          id="menu-list-:r2:-menuitem-:r3:"
          role="menuitem"
          tabindex="-1"
          type="button"
        >
           
          ğŸ‡ºğŸ‡¸ English
        </button>
        <button
          class="chakra-menu__menuitem css-18esm8n"
          data-index="1"
          id="menu-list-:r2:-menuitem-:r4:"
          role="menuitem"
          tabindex="-1"
          type="button"
        >
          ğŸ‡§ğŸ‡· PortuguÃªs
        </button>
      </div>
    </div>
  </div>
  <span
    hidden=""
    id="__chakra_env"
  />
</div>
`;
